Microchip Technology Inc, v1.61 (B)

Tool Name:
  /Applications/microchip/xc16/v1.61/bin/bin/../bin/elf-ld

Command:
  -p24FJ64GA002 \
  --mdfp=/Applications/microchip/mplabx/v5.35/packs/Microchip/PIC24F-GA-GB_DFP/1.2.101/xc16 \
  -o \
  dist/default/production/EE3102_Project.X.production.elf \
  -L/Applications/microchip/xc16/v1.61/bin/bin/.. \
  -L/Applications/microchip/mplabx/v5.35/packs/Microchip/PIC24F-GA-GB_DFP/1.2.101/xc16/bin/../support/PIC24F/gld \
  -L/Applications/microchip/xc16/v1.61/bin/bin/../../lib \
  -L/Applications/microchip/xc16/v1.61/bin/bin/../../support/PIC24E/gld \
  -L/Applications/microchip/xc16/v1.61/bin/bin/../../support/PIC24F/gld \
  -L/Applications/microchip/xc16/v1.61/bin/bin/../../support/PIC24H/gld \
  -L/Applications/microchip/xc16/v1.61/bin/bin/../../support/dsPIC30F/gld \
  -L/Applications/microchip/xc16/v1.61/bin/bin/../../support/dsPIC33C/gld \
  -L/Applications/microchip/xc16/v1.61/bin/bin/../../support/dsPIC33E/gld \
  -L/Applications/microchip/xc16/v1.61/bin/bin/../../support/dsPIC33F/gld \
  build/default/production/EE3102_Project_genLib_v001.o \
  build/default/production/EE3102_Project_lcdLib_v001.o \
  build/default/production/EE3102_Project_cbLib_v001.o \
  build/default/production/EE3102_Project_main_v001.o \
  --defsym=__MPLAB_BUILD=1 \
  -Tp24FJ64GA002.gld.00 \
  --stack=16 \
  --check-sections \
  --data-init \
  --pack-data \
  --handles \
  --isr \
  --no-gc-sections \
  --fill-upper=0 \
  --stackguard=16 \
  --no-force-link \
  --smart-io \
  -Map=dist/default/production/EE3102_Project.X.production.map \
  --report-mem \
  --memorysummary \
  dist/default/production/memoryfile.xml \
  -start-group \
  --library=lega-pic30-elf \
  --library=m-elf \
  --library=lega-c-elf \
  -end-group \


Optional library libpPIC24Fxxx.a not found
Archive member included because of file (symbol)

/Applications/microchip/xc16/v1.61/bin/bin/../../lib/liblega-pic30-elf.a(crt0_standard.o)
                              (__resetPRI)
/Applications/microchip/xc16/v1.61/bin/bin/../../lib/liblega-pic30-elf.a(data_init_standard.o)
                              /Applications/microchip/xc16/v1.61/bin/bin/../../lib/liblega-pic30-elf.a(crt0_standard.o) (__data_init_standard)
/Applications/microchip/xc16/v1.61/bin/bin/../../lib/liblega-pic30-elf.a(crt_start_mode_normal.Leo)
                              (__crt_start_mode_normal)
/Applications/microchip/xc16/v1.61/bin/bin/../../lib/libm-elf.a(addsf3.eo)
                              build/default/production/EE3102_Project_main_v001.o (___subsf3)
/Applications/microchip/xc16/v1.61/bin/bin/../../lib/libm-elf.a(floatunsisf.eo)
                              build/default/production/EE3102_Project_main_v001.o (___floatunsisf)
/Applications/microchip/xc16/v1.61/bin/bin/../../lib/libm-elf.a(fpack.eo)
                              /Applications/microchip/xc16/v1.61/bin/bin/../../lib/libm-elf.a(addsf3.eo) (__fpack)
/Applications/microchip/xc16/v1.61/bin/bin/../../lib/libm-elf.a(funpack2.eo)
                              /Applications/microchip/xc16/v1.61/bin/bin/../../lib/libm-elf.a(addsf3.eo) (__funpack2)
/Applications/microchip/xc16/v1.61/bin/bin/../../lib/libm-elf.a(futil.eo)
                              /Applications/microchip/xc16/v1.61/bin/bin/../../lib/libm-elf.a(addsf3.eo) (__fPropagateNaN)
/Applications/microchip/xc16/v1.61/bin/bin/../../lib/libm-elf.a(mulsf3.eo)
                              build/default/production/EE3102_Project_main_v001.o (___mulsf3)
/Applications/microchip/xc16/v1.61/bin/bin/../../lib/libm-elf.a(floatundisf.eo)
                              /Applications/microchip/xc16/v1.61/bin/bin/../../lib/libm-elf.a(floatunsisf.eo) (___floatundisf)
/Applications/microchip/xc16/v1.61/bin/bin/../../lib/libm-elf.a(funpack.eo)
                              /Applications/microchip/xc16/v1.61/bin/bin/../../lib/libm-elf.a(funpack2.eo) (__funpack)
/Applications/microchip/xc16/v1.61/bin/bin/../../lib/liblega-c-elf.a(sprintf_fF.XXeo)
                              build/default/production/EE3102_Project_main_v001.o (__sprintf_fF)
/Applications/microchip/xc16/v1.61/bin/bin/../../lib/liblega-c-elf.a(xprintf_fF.XXeo)
                              /Applications/microchip/xc16/v1.61/bin/bin/../../lib/liblega-c-elf.a(sprintf_fF.XXeo) (___ePrintf_fF)
/Applications/microchip/xc16/v1.61/bin/bin/../../lib/liblega-c-elf.a(memcpy.XX_eo)
                              /Applications/microchip/xc16/v1.61/bin/bin/../../lib/liblega-c-elf.a(sprintf_fF.XXeo) (_memcpy)
/Applications/microchip/xc16/v1.61/bin/bin/../../lib/liblega-c-elf.a(strchr.XX_eo)
                              /Applications/microchip/xc16/v1.61/bin/bin/../../lib/liblega-c-elf.a(xprintf_fF.XXeo) (_strchr)
/Applications/microchip/xc16/v1.61/bin/bin/../../lib/liblega-c-elf.a(xputtxt.XX_eo)
                              /Applications/microchip/xc16/v1.61/bin/bin/../../lib/liblega-c-elf.a(xprintf_fF.XXeo) (__Puttxt)
/Applications/microchip/xc16/v1.61/bin/bin/../../lib/liblega-c-elf.a(xvacopy.XX_eo)
                              /Applications/microchip/xc16/v1.61/bin/bin/../../lib/liblega-c-elf.a(xprintf_fF.XXeo) (__Vacopy)
/Applications/microchip/xc16/v1.61/bin/bin/../../lib/liblega-c-elf.a(efwrite.XX_eo)
                              /Applications/microchip/xc16/v1.61/bin/bin/../../lib/liblega-c-elf.a(xprintf_fF.XXeo) (_efwrite)
/Applications/microchip/xc16/v1.61/bin/bin/../../lib/liblega-c-elf.a(fflush.XX_elo)
                              /Applications/microchip/xc16/v1.61/bin/bin/../../lib/liblega-c-elf.a(efwrite.XX_eo) (__DNKfflush)
/Applications/microchip/xc16/v1.61/bin/bin/../../lib/liblega-c-elf.a(xfiles.XX_elo)
                              /Applications/microchip/xc16/v1.61/bin/bin/../../lib/liblega-c-elf.a(fflush.XX_elo) (__Files)
/Applications/microchip/xc16/v1.61/bin/bin/../../lib/liblega-c-elf.a(xputfld_fF.XXeo)
                              /Applications/microchip/xc16/v1.61/bin/bin/../../lib/liblega-c-elf.a(xprintf_fF.XXeo) (___Putfld_fF)
/Applications/microchip/xc16/v1.61/bin/bin/../../lib/liblega-c-elf.a(xldtob_fF.XXeo)
                              /Applications/microchip/xc16/v1.61/bin/bin/../../lib/liblega-c-elf.a(xputfld_fF.XXeo) (___Ldtob_fF)
/Applications/microchip/xc16/v1.61/bin/bin/../../lib/liblega-c-elf.a(xgenld_fF.XXeo)
                              /Applications/microchip/xc16/v1.61/bin/bin/../../lib/liblega-c-elf.a(xldtob_fF.XXeo) (___Genld_fF)
/Applications/microchip/xc16/v1.61/bin/bin/../../lib/liblega-c-elf.a(div.XX_eo)
                              /Applications/microchip/xc16/v1.61/bin/bin/../../lib/liblega-c-elf.a(xgenld_fF.XXeo) (_div)
/Applications/microchip/xc16/v1.61/bin/bin/../../lib/liblega-c-elf.a(ldiv.XX_eo)
                              /Applications/microchip/xc16/v1.61/bin/bin/../../lib/liblega-c-elf.a(xldtob_fF.XXeo) (_ldiv)
/Applications/microchip/xc16/v1.61/bin/bin/../../lib/liblega-c-elf.a(xfwprep.XX_eo)
                              /Applications/microchip/xc16/v1.61/bin/bin/../../lib/liblega-c-elf.a(efwrite.XX_eo) (__Fwprep)
/Applications/microchip/xc16/v1.61/bin/bin/../../lib/liblega-c-elf.a(xldunsca.XX_eo)
                              /Applications/microchip/xc16/v1.61/bin/bin/../../lib/liblega-c-elf.a(xldtob_fF.XXeo) (__LDunscale)
/Applications/microchip/xc16/v1.61/bin/bin/../../lib/liblega-c-elf.a(fclose.XX_elo)
                              /Applications/microchip/xc16/v1.61/bin/bin/../../lib/liblega-c-elf.a(xfwprep.XX_eo) (__Closreg)
/Applications/microchip/xc16/v1.61/bin/bin/../../lib/liblega-c-elf.a(xatexit.XX_elo)
                              /Applications/microchip/xc16/v1.61/bin/bin/../../lib/liblega-c-elf.a(fclose.XX_elo) (__Atexit)
/Applications/microchip/xc16/v1.61/bin/bin/../../lib/liblega-c-elf.a(xdnorm.XX_elo)
                              /Applications/microchip/xc16/v1.61/bin/bin/../../lib/liblega-c-elf.a(xldunsca.XX_eo) (__Dnorm)
/Applications/microchip/xc16/v1.61/bin/bin/../../lib/liblega-c-elf.a(free.XX_eo)
                              /Applications/microchip/xc16/v1.61/bin/bin/../../lib/liblega-c-elf.a(fclose.XX_elo) (_free)
/Applications/microchip/xc16/v1.61/bin/bin/../../lib/liblega-c-elf.a(malloc.XX_eo)
                              /Applications/microchip/xc16/v1.61/bin/bin/../../lib/liblega-c-elf.a(free.XX_eo) (__Aldata)
/Applications/microchip/xc16/v1.61/bin/bin/../../lib/liblega-c-elf.a(xgetmem.XX_eo)
                              /Applications/microchip/xc16/v1.61/bin/bin/../../lib/liblega-c-elf.a(malloc.XX_eo) (__Getmem)
/Applications/microchip/xc16/v1.61/bin/bin/../../lib/liblega-pic30-elf.a(close.Leo)
                              /Applications/microchip/xc16/v1.61/bin/bin/../../lib/liblega-c-elf.a(fclose.XX_elo) (_close)
/Applications/microchip/xc16/v1.61/bin/bin/../../lib/liblega-pic30-elf.a(write.Leo)
                              /Applications/microchip/xc16/v1.61/bin/bin/../../lib/liblega-c-elf.a(fflush.XX_elo) (_write)
/Applications/microchip/xc16/v1.61/bin/bin/../../lib/liblega-pic30-elf.a(remove.Leo)
                              /Applications/microchip/xc16/v1.61/bin/bin/../../lib/liblega-c-elf.a(fclose.XX_elo) (_remove)
/Applications/microchip/xc16/v1.61/bin/bin/../../lib/liblega-pic30-elf.a(sbrk.Leo)
                              /Applications/microchip/xc16/v1.61/bin/bin/../../lib/liblega-c-elf.a(xgetmem.XX_eo) (_sbrk)
/Applications/microchip/xc16/v1.61/bin/bin/../../lib/liblega-pic30-elf.a(c30_uart.Leo)
                              /Applications/microchip/xc16/v1.61/bin/bin/../../lib/liblega-pic30-elf.a(write.Leo) (___C30_UART)
/Applications/microchip/xc16/v1.61/bin/bin/../../lib/liblega-pic30-elf.a(memcpy_eds.Leo)
                              /Applications/microchip/xc16/v1.61/bin/bin/../../lib/liblega-c-elf.a(sprintf_fF.XXeo) (__memcpy_eds_3)
/Applications/microchip/xc16/v1.61/bin/bin/../../lib/liblega-pic30-elf.a(memchr_eds.Leo)
                              /Applications/microchip/xc16/v1.61/bin/bin/../../lib/liblega-c-elf.a(efwrite.XX_eo) (__memchr_eds)
/Applications/microchip/xc16/v1.61/bin/bin/../../lib/liblega-pic30-elf.a(brk.Lelo)
                              /Applications/microchip/xc16/v1.61/bin/bin/../../lib/liblega-pic30-elf.a(sbrk.Leo) (_brk)
/Applications/microchip/xc16/v1.61/bin/bin/../../lib/libm-elf.a(deqltle.eo)
                              /Applications/microchip/xc16/v1.61/bin/bin/../../lib/liblega-c-elf.a(xldtob_fF.XXeo) (___ltdf2)
/Applications/microchip/xc16/v1.61/bin/bin/../../lib/libm-elf.a(dgtge.eo)
                              /Applications/microchip/xc16/v1.61/bin/bin/../../lib/liblega-c-elf.a(xldtob_fF.XXeo) (___gtdf2)
/Applications/microchip/xc16/v1.61/bin/bin/../../lib/libm-elf.a(divdf3.eo)
                              /Applications/microchip/xc16/v1.61/bin/bin/../../lib/liblega-c-elf.a(xldtob_fF.XXeo) (___divdf3)
/Applications/microchip/xc16/v1.61/bin/bin/../../lib/libm-elf.a(divsi3.eo)
                              /Applications/microchip/xc16/v1.61/bin/bin/../../lib/liblega-c-elf.a(xldtob_fF.XXeo) (___divsi3)
/Applications/microchip/xc16/v1.61/bin/bin/../../lib/libm-elf.a(dpack.eo)
                              /Applications/microchip/xc16/v1.61/bin/bin/../../lib/libm-elf.a(divdf3.eo) (__dpack)
/Applications/microchip/xc16/v1.61/bin/bin/../../lib/libm-elf.a(dunpack2.eo)
                              /Applications/microchip/xc16/v1.61/bin/bin/../../lib/libm-elf.a(divdf3.eo) (__dunpack2)
/Applications/microchip/xc16/v1.61/bin/bin/../../lib/libm-elf.a(extendsfdf.eo)
                              /Applications/microchip/xc16/v1.61/bin/bin/../../lib/liblega-c-elf.a(xputfld_fF.XXeo) (___extendsfdf2)
/Applications/microchip/xc16/v1.61/bin/bin/../../lib/libm-elf.a(fixdfsi.eo)
                              /Applications/microchip/xc16/v1.61/bin/bin/../../lib/liblega-c-elf.a(xldtob_fF.XXeo) (_(float, int, long long, double, float, short, int))
/Applications/microchip/xc16/v1.61/bin/bin/../../lib/libm-elf.a(floatsidf.eo)
                              /Applications/microchip/xc16/v1.61/bin/bin/../../lib/liblega-c-elf.a(xldtob_fF.XXeo) (___floatsidf)
/Applications/microchip/xc16/v1.61/bin/bin/../../lib/libm-elf.a(muldf3.eo)
                              /Applications/microchip/xc16/v1.61/bin/bin/../../lib/liblega-c-elf.a(xldtob_fF.XXeo) (___muldf3)
/Applications/microchip/xc16/v1.61/bin/bin/../../lib/libm-elf.a(subdf3.eo)
                              /Applications/microchip/xc16/v1.61/bin/bin/../../lib/liblega-c-elf.a(xldtob_fF.XXeo) (___subdf3)
/Applications/microchip/xc16/v1.61/bin/bin/../../lib/libm-elf.a(udivsi3.eo)
                              /Applications/microchip/xc16/v1.61/bin/bin/../../lib/libm-elf.a(divsi3.eo) (___udivsi3)
/Applications/microchip/xc16/v1.61/bin/bin/../../lib/libm-elf.a(mulsi3.eo)
                              /Applications/microchip/xc16/v1.61/bin/bin/../../lib/liblega-c-elf.a(ldiv.XX_eo) (___mulsi3)
/Applications/microchip/xc16/v1.61/bin/bin/../../lib/libm-elf.a(adddf3.eo)
                              /Applications/microchip/xc16/v1.61/bin/bin/../../lib/libm-elf.a(subdf3.eo) (___adddf3)
/Applications/microchip/xc16/v1.61/bin/bin/../../lib/libm-elf.a(dcompare.eo)
                              /Applications/microchip/xc16/v1.61/bin/bin/../../lib/libm-elf.a(deqltle.eo) (__dcompare)
/Applications/microchip/xc16/v1.61/bin/bin/../../lib/libm-elf.a(dpropagateNaN.eo)
                              /Applications/microchip/xc16/v1.61/bin/bin/../../lib/libm-elf.a(dunpack2.eo) (__dPropagateNaN)
/Applications/microchip/xc16/v1.61/bin/bin/../../lib/libm-elf.a(dtype.eo)
                              /Applications/microchip/xc16/v1.61/bin/bin/../../lib/libm-elf.a(dcompare.eo) (__dtype)
/Applications/microchip/xc16/v1.61/bin/bin/../../lib/libm-elf.a(dunpack.eo)
                              /Applications/microchip/xc16/v1.61/bin/bin/../../lib/libm-elf.a(dunpack2.eo) (__dunpack)
/Applications/microchip/xc16/v1.61/bin/bin/../../lib/libm-elf.a(floatdidf.eo)
                              /Applications/microchip/xc16/v1.61/bin/bin/../../lib/libm-elf.a(floatsidf.eo) (___floatdidf)
/Applications/microchip/xc16/v1.61/bin/bin/../../lib/libm-elf.a(floatundidf.eo)
                              /Applications/microchip/xc16/v1.61/bin/bin/../../lib/libm-elf.a(floatdidf.eo) (___floatundidf)


xc16-ld 1.61 (B)

Default Code Model: Small
Default Data Model: Large
Default Scalar Model: Small

"program" Memory  [Origin = 0x200, Length = 0xa9fc]

section                    address   length (PC units)   length (bytes) (dec)
-------                    -------   -----------------   --------------------
.text                        0x200              0x1846          0x2469  (9321)
.const                      0x1a46                 0xa             0xf  (15)
.text                       0x1a50               0x172           0x22b  (555)
.dinit                      0x1bc2               0x106           0x189  (393)
.text                       0x1cc8               0x1ac           0x282  (642)

                 Total "program" memory used (bytes):         0x2aae  (10926) 16%


"data" Memory  [Origin = 0x800, Length = 0x2000]

section                    address      alignment gaps    total length  (dec)
-------                    -------      --------------    -------------------
.nbss                        0x800                   0             0x4  (4)
.bss                         0x804                   0          0x1004  (4100)
.data                       0x1808                   0            0xfa  (250)
.bss                        0x1902                   0             0x8  (8)
.data                       0x190a                   0             0x2  (2)
.bss                        0x190c                   0             0x2  (2)
.data                       0x190e                   0             0x4  (4)
.bss                        0x1912                   0             0x2  (2)

                 Total "data" memory used (bytes):         0x1114  (4372) 53%


Dynamic Memory Usage

region                     address                      maximum length  (dec)
------                     -------                      ---------------------
heap                             0                                   0  (0)
stack                       0x1914                               0xeec  (3820)

                 Maximum dynamic memory (bytes):          0xeec  (3820)

Info: Project is using a large data memory model when small data memory model is sufficient.


External Symbols in Data Memory (by address):

                    0x1808                  __Stdin
                    0x1830                  __Stdout
                    0x1858                  __Stderr
                    0x1880                  __Files
                    0x1906                  __Aldata
                    0x190e                  __Size_block
                    0x1910                  ___C30_UART
                    0x1912                  ___curbrk

External Symbols in Data Memory (by name):

                    0x1906                  __Aldata
                    0x1880                  __Files
                    0x190e                  __Size_block
                    0x1858                  __Stderr
                    0x1808                  __Stdin
                    0x1830                  __Stdout
                    0x1910                  ___C30_UART
                    0x1912                  ___curbrk

External Symbols in Program Memory (by address):

                  0x000200                  __resetPRI
                  0x00023c                  __psv_init
                  0x000252                  __data_init
                  0x000252                  __data_init_standard
                  0x0002dc                  __ADC1Interrupt
                  0x000308                  __T2Interrupt
                  0x00035a                  __DefaultInterrupt
                  0x00044a                  ___subsf3
                  0x00044c                  ___addsf3
                  0x000506                  ___floatunsisf
                  0x00050a                  __fpack
                  0x000556                  __funpack2
                  0x000566                  __fPropagateNaN
                  0x000578                  __fbopExit
                  0x000580                  __fbopReturnNaN
                  0x000586                  ___mulsf3
                  0x0005ee                  ___floatundisf
                  0x00064c                  __funpack
                  0x000676                  sprintf_fF.XXeo:_eprout
                  0x000690                  sprintf_fF.XXeo:_prout
                  0x00069e                  __sprintf_fF
                  0x0006be                  xprintf_fF.XXeo:_eprout
                  0x0006dc                  ___ePrintf_fF
                  0x000852                  ___Printf_fF
                  0x00085c                  _memcpy
                  0x00086a                  _strchr
                  0x000882                  __Puttxt
                  0x000a36                  __Vacopy
                  0x000a3a                  _efwrite
                  0x000b12                  __DNKfflush
                  0x000b88                  ___Putfld_fF
                  0x000c2c                  ___Ldtob_fF
                  0x000e7c                  ___Genld_fF
                  0x001084                  _div
                  0x00109a                  _ldiv
                  0x0010c4                  __Fwprep
                  0x001152                  __LDunscale
                  0x0011aa                  __Closreg
                  0x0011bc                  _fclose
                  0x00124c                  fclose.XX_elo:_closeall
                  0x00126c                  __Atexit
                  0x001284                  __Dnorm
                  0x00131c                  _free
                  0x0013e6                  _malloc
                  0x00143a                  __Getmem
                  0x00145a                  __memcpy_eds_3
                  0x00145a                  __memcpy_eds
                  0x001494                  __memchr_eds
                  0x0014ca                  ___ledf2
                  0x0014ca                  ___ltdf2
                  0x0014ca                  ___eqdf2
                  0x0014d4                  ___gedf2
                  0x0014d4                  ___gtdf2
                  0x0014de                  ___divdf3
                  0x001592                  ___divsi3
                  0x0015b0                  __dpack
                  0x001608                  __dunpack2
                  0x00162a                  __dreturnNaN
                  0x001630                  __dunpack2exit
                  0x00163a                  ___extendsfdf2
                  0x001678                  ___fixdfsi
                  0x0016d0                  ___floatsidf
                  0x0016d8                  ___muldf3
                  0x0017c4                  ___subdf3
                  0x0017c8                  ___udivsi3
                  0x0017e8                  ___mulsi3
                  0x0017e8                  ___mulp32peds3
                  0x0017e8                  ___mulp32eds3
                  0x0017f4                  ___adddf3
                  0x0018f0                  __dcompare
                  0x001942                  __dPropagateNaN
                  0x00195e                  __dtype
                  0x001982                  __dunpack
                  0x0019d0                  ___floatdidf
                  0x0019f0                  ___floatundidf
                  0x001a50                  _lcd_printStr
                  0x001abe                  _lcd_printChar
                  0x001acc                  _lcd_setCursor
                  0x001ae8                  _lcd_cmd
                  0x001b3c                  _lcd_shiftScreen
                  0x001b4c                  _lcd_cntrl
                  0x001b78                  _lcd_init
                  0x001cc8                  _initBuffer
                  0x001cea                  _putVal
                  0x001d12                  _getAvg
                  0x001d7a                  _setup
                  0x001e12                  _main
                  0x001e1c                  _delay_ms
                  0x001e3c                  _delay_us
                  0x001e5c                  _pic24_init

External Symbols in Program Memory (by name):

                  0x0002dc                  __ADC1Interrupt
                  0x00126c                  __Atexit
                  0x0011aa                  __Closreg
                  0x000b12                  __DNKfflush
                  0x00035a                  __DefaultInterrupt
                  0x001284                  __Dnorm
                  0x0010c4                  __Fwprep
                  0x00143a                  __Getmem
                  0x001152                  __LDunscale
                  0x000882                  __Puttxt
                  0x000308                  __T2Interrupt
                  0x000a36                  __Vacopy
                  0x000e7c                  ___Genld_fF
                  0x000c2c                  ___Ldtob_fF
                  0x000852                  ___Printf_fF
                  0x000b88                  ___Putfld_fF
                  0x0017f4                  ___adddf3
                  0x00044c                  ___addsf3
                  0x0014de                  ___divdf3
                  0x001592                  ___divsi3
                  0x0006dc                  ___ePrintf_fF
                  0x0014ca                  ___eqdf2
                  0x00163a                  ___extendsfdf2
                  0x001678                  ___fixdfsi
                  0x0019d0                  ___floatdidf
                  0x0016d0                  ___floatsidf
                  0x0019f0                  ___floatundidf
                  0x0005ee                  ___floatundisf
                  0x000506                  ___floatunsisf
                  0x0014d4                  ___gedf2
                  0x0014d4                  ___gtdf2
                  0x0014ca                  ___ledf2
                  0x0014ca                  ___ltdf2
                  0x0016d8                  ___muldf3
                  0x0017e8                  ___mulp32eds3
                  0x0017e8                  ___mulp32peds3
                  0x000586                  ___mulsf3
                  0x0017e8                  ___mulsi3
                  0x0017c4                  ___subdf3
                  0x00044a                  ___subsf3
                  0x0017c8                  ___udivsi3
                  0x001942                  __dPropagateNaN
                  0x000252                  __data_init
                  0x000252                  __data_init_standard
                  0x0018f0                  __dcompare
                  0x0015b0                  __dpack
                  0x00162a                  __dreturnNaN
                  0x00195e                  __dtype
                  0x001982                  __dunpack
                  0x001608                  __dunpack2
                  0x001630                  __dunpack2exit
                  0x000566                  __fPropagateNaN
                  0x000578                  __fbopExit
                  0x000580                  __fbopReturnNaN
                  0x00050a                  __fpack
                  0x00064c                  __funpack
                  0x000556                  __funpack2
                  0x001494                  __memchr_eds
                  0x00145a                  __memcpy_eds
                  0x00145a                  __memcpy_eds_3
                  0x00023c                  __psv_init
                  0x000200                  __resetPRI
                  0x00069e                  __sprintf_fF
                  0x001e1c                  _delay_ms
                  0x001e3c                  _delay_us
                  0x001084                  _div
                  0x000a3a                  _efwrite
                  0x0011bc                  _fclose
                  0x00131c                  _free
                  0x001d12                  _getAvg
                  0x001cc8                  _initBuffer
                  0x001ae8                  _lcd_cmd
                  0x001b4c                  _lcd_cntrl
                  0x001b78                  _lcd_init
                  0x001abe                  _lcd_printChar
                  0x001a50                  _lcd_printStr
                  0x001acc                  _lcd_setCursor
                  0x001b3c                  _lcd_shiftScreen
                  0x00109a                  _ldiv
                  0x001e12                  _main
                  0x0013e6                  _malloc
                  0x00085c                  _memcpy
                  0x001e5c                  _pic24_init
                  0x001cea                  _putVal
                  0x001d7a                  _setup
                  0x00086a                  _strchr
                  0x00124c                  fclose.XX_elo:_closeall
                  0x000676                  sprintf_fF.XXeo:_eprout
                  0x000690                  sprintf_fF.XXeo:_prout
                  0x0006be                  xprintf_fF.XXeo:_eprout

Memory Configuration

Name             Origin             Length             Attributes
data             0x000800           0x002000           a !xr
reset            0x000000           0x000004  
ivt              0x000004           0x0000fc  
_reserved        0x000100           0x000004  
aivt             0x000104           0x0000fc  
program          0x000200           0x00a9fc           xr
CONFIG2          0x00abfc           0x000002  
CONFIG1          0x00abfe           0x000002  
*default*        0x000000           0xffffffffffffffff  

Linker script and memory map

LOAD build/default/production/EE3102_Project_genLib_v001.o
LOAD build/default/production/EE3102_Project_lcdLib_v001.o
LOAD build/default/production/EE3102_Project_cbLib_v001.o
LOAD build/default/production/EE3102_Project_main_v001.o
                    0x0001                  __MPLAB_BUILD = 0x1
LOAD pPIC24Fxxx
LOAD /Applications/microchip/xc16/v1.61/bin/bin/../../lib/libfx-elf.a
                    0xabfc                  __CONFIG2 = 0xabfc
                    0xabfe                  __CONFIG1 = 0xabfe
                    0x0001                  __NO_HANDLES = 0x1
                    0x0200                  __CODE_BASE = 0x200
                    0xa9fc                  __CODE_LENGTH = 0xa9fc
                    0x0004                  __IVT_BASE = 0x4
                    0x0104                  __AIVT_BASE = 0x104
                    0x0800                  __DATA_BASE = 0x800
                    0x2000                  __DATA_LENGTH = 0x2000

.reset            0x000000          0x4
                  0x000000          0x2 SHORT 0x200 ABSOLUTE (__reset)
                  0x000001          0x2 SHORT 0x4
                  0x000002          0x2 SHORT 0x0 ((ABSOLUTE (__reset) >> 0x10) & 0x7f)
                  0x000003          0x2 SHORT 0x0

.text             0x000200       0x1846
 *(.init)
 .init            0x000200         0x4c /Applications/microchip/xc16/v1.61/bin/bin/../../lib/liblega-pic30-elf.a(crt0_standard.o)
                  0x000200                  __reset
                  0x000200                  __resetPRI
                  0x00023c                  __psv_init
 .init            0x00024c         0x7c /Applications/microchip/xc16/v1.61/bin/bin/../../lib/liblega-pic30-elf.a(data_init_standard.o)
                  0x000252                  __data_init
                  0x000252                  __data_init_standard
 *(.user_init)
 *(.handle)
 *(.isr*)
 .isr.text        0x0002dc         0x7e build/default/production/EE3102_Project_main_v001.o
                  0x0002dc                  __ADC1Interrupt
                  0x000308                  __T2Interrupt
 .isr             0x00035a          0x4 default_isr
                  0x00035a                  __DefaultInterrupt
 *(.libc)
 .libc            0x00035e         0x12 /Applications/microchip/xc16/v1.61/bin/bin/../../lib/liblega-pic30-elf.a(close.Leo)
                  0x00035e                  _close
 .libc            0x000370         0x84 /Applications/microchip/xc16/v1.61/bin/bin/../../lib/liblega-pic30-elf.a(write.Leo)
                  0x000370                  _write
 .libc            0x0003f4         0x12 /Applications/microchip/xc16/v1.61/bin/bin/../../lib/liblega-pic30-elf.a(remove.Leo)
                  0x0003f4                  _remove
 .libc            0x000406         0x28 /Applications/microchip/xc16/v1.61/bin/bin/../../lib/liblega-pic30-elf.a(sbrk.Leo)
                  0x000406                  _sbrk
 .libc            0x00042e         0x1a /Applications/microchip/xc16/v1.61/bin/bin/../../lib/liblega-pic30-elf.a(brk.Lelo)
                  0x00042e                  _brk
 *(.libm)
 *(.libdsp)
 *(.lib*)
 .libpic30_crt_start_mode
                  0x000448          0x2 /Applications/microchip/xc16/v1.61/bin/bin/../../lib/liblega-pic30-elf.a(crt_start_mode_normal.Leo)
                  0x000448                  __crt_start_mode_normal
                  0x000448                  __crt_start_mode
 .libm.subsf3     0x00044a         0xbc /Applications/microchip/xc16/v1.61/bin/bin/../../lib/libm-elf.a(addsf3.eo)
                  0x00044a                  ___subsf3
                  0x00044c                  ___addsf3
 .libm.floatunsisf
                  0x000506          0x4 /Applications/microchip/xc16/v1.61/bin/bin/../../lib/libm-elf.a(floatunsisf.eo)
                  0x000506                  ___floatunsisf
 .libm.fpack      0x00050a         0x4c /Applications/microchip/xc16/v1.61/bin/bin/../../lib/libm-elf.a(fpack.eo)
                  0x00050a                  __fpack
 .libm.funpack2
                  0x000556         0x10 /Applications/microchip/xc16/v1.61/bin/bin/../../lib/libm-elf.a(funpack2.eo)
                  0x000556                  __funpack2
 .libm.fPropagateNaN
                  0x000566         0x12 /Applications/microchip/xc16/v1.61/bin/bin/../../lib/libm-elf.a(futil.eo)
                  0x000566                  __fPropagateNaN
 .libm.fbobExit
                  0x000578          0x8 /Applications/microchip/xc16/v1.61/bin/bin/../../lib/libm-elf.a(futil.eo)
                  0x000578                  __fbopExit
 .libm.fbopReturnNaN
                  0x000580          0x6 /Applications/microchip/xc16/v1.61/bin/bin/../../lib/libm-elf.a(futil.eo)
                  0x000580                  __fbopReturnNaN
 .libm.mulsf3     0x000586         0x68 /Applications/microchip/xc16/v1.61/bin/bin/../../lib/libm-elf.a(mulsf3.eo)
                  0x000586                  ___mulsf3
 .libm.floatundisf
                  0x0005ee         0x5e /Applications/microchip/xc16/v1.61/bin/bin/../../lib/libm-elf.a(floatundisf.eo)
                  0x0005ee                  ___floatundisf
 .libm.funpack    0x00064c         0x2a /Applications/microchip/xc16/v1.61/bin/bin/../../lib/libm-elf.a(funpack.eo)
                  0x00064c                  __funpack
 .libc.eprout     0x000676         0x1a /Applications/microchip/xc16/v1.61/bin/bin/../../lib/liblega-c-elf.a(sprintf_fF.XXeo)
                  0x000676                  sprintf_fF.XXeo:_eprout
 .libc.prout      0x000690          0xe /Applications/microchip/xc16/v1.61/bin/bin/../../lib/liblega-c-elf.a(sprintf_fF.XXeo)
                  0x000690                  sprintf_fF.XXeo:_prout
 .libc._sprintf_fF
                  0x00069e         0x20 /Applications/microchip/xc16/v1.61/bin/bin/../../lib/liblega-c-elf.a(sprintf_fF.XXeo)
                  0x00069e                  __sprintf_fF
 .libc.eprout     0x0006be         0x1e /Applications/microchip/xc16/v1.61/bin/bin/../../lib/liblega-c-elf.a(xprintf_fF.XXeo)
                  0x0006be                  xprintf_fF.XXeo:_eprout
 .libc.__ePrintf_fF
                  0x0006dc        0x176 /Applications/microchip/xc16/v1.61/bin/bin/../../lib/liblega-c-elf.a(xprintf_fF.XXeo)
                  0x0006dc                  ___ePrintf_fF
 .libc.__Printf_fF
                  0x000852          0xa /Applications/microchip/xc16/v1.61/bin/bin/../../lib/liblega-c-elf.a(xprintf_fF.XXeo)
                  0x000852                  ___Printf_fF
 .libc.memcpy     0x00085c          0xe /Applications/microchip/xc16/v1.61/bin/bin/../../lib/liblega-c-elf.a(memcpy.XX_eo)
                  0x00085c                  _memcpy
 .libc.strchr     0x00086a         0x18 /Applications/microchip/xc16/v1.61/bin/bin/../../lib/liblega-c-elf.a(strchr.XX_eo)
                  0x00086a                  _strchr
 .libc._Puttxt    0x000882        0x1b4 /Applications/microchip/xc16/v1.61/bin/bin/../../lib/liblega-c-elf.a(xputtxt.XX_eo)
                  0x000882                  __Puttxt
 .libc._Vacopy    0x000a36          0x4 /Applications/microchip/xc16/v1.61/bin/bin/../../lib/liblega-c-elf.a(xvacopy.XX_eo)
                  0x000a36                  __Vacopy
 .libc.efwrite    0x000a3a         0xd8 /Applications/microchip/xc16/v1.61/bin/bin/../../lib/liblega-c-elf.a(efwrite.XX_eo)
                  0x000a3a                  _efwrite
 .libc._DNKfflush
                  0x000b12         0x76 /Applications/microchip/xc16/v1.61/bin/bin/../../lib/liblega-c-elf.a(fflush.XX_elo)
                  0x000b12                  __DNKfflush
 .libc.__Putfld_fF
                  0x000b88         0xa4 /Applications/microchip/xc16/v1.61/bin/bin/../../lib/liblega-c-elf.a(xputfld_fF.XXeo)
                  0x000b88                  ___Putfld_fF
 .libc.__Ldtob_fF
                  0x000c2c        0x250 /Applications/microchip/xc16/v1.61/bin/bin/../../lib/liblega-c-elf.a(xldtob_fF.XXeo)
                  0x000c2c                  ___Ldtob_fF
 .libc.__Genld_fF
                  0x000e7c        0x208 /Applications/microchip/xc16/v1.61/bin/bin/../../lib/liblega-c-elf.a(xgenld_fF.XXeo)
                  0x000e7c                  ___Genld_fF
 .libc.div        0x001084         0x16 /Applications/microchip/xc16/v1.61/bin/bin/../../lib/liblega-c-elf.a(div.XX_eo)
                  0x001084                  _div
 .libc.ldiv       0x00109a         0x2a /Applications/microchip/xc16/v1.61/bin/bin/../../lib/liblega-c-elf.a(ldiv.XX_eo)
                  0x00109a                  _ldiv
 .libc._Fwprep    0x0010c4         0x8e /Applications/microchip/xc16/v1.61/bin/bin/../../lib/liblega-c-elf.a(xfwprep.XX_eo)
                  0x0010c4                  __Fwprep
 .libc._LDunscale
                  0x001152         0x54 /Applications/microchip/xc16/v1.61/bin/bin/../../lib/liblega-c-elf.a(xldunsca.XX_eo)
                  0x001152                  __LDunscale
 .libc.closeallreg
                  0x0011a6          0x4 /Applications/microchip/xc16/v1.61/bin/bin/../../lib/liblega-c-elf.a(fclose.XX_elo)
 .libc._Closreg
                  0x0011aa         0x12 /Applications/microchip/xc16/v1.61/bin/bin/../../lib/liblega-c-elf.a(fclose.XX_elo)
                  0x0011aa                  __Closreg
 .libc.fclose     0x0011bc         0x90 /Applications/microchip/xc16/v1.61/bin/bin/../../lib/liblega-c-elf.a(fclose.XX_elo)
                  0x0011bc                  _fclose
 .libc.closeall
                  0x00124c         0x20 /Applications/microchip/xc16/v1.61/bin/bin/../../lib/liblega-c-elf.a(fclose.XX_elo)
                  0x00124c                  fclose.XX_elo:_closeall
 .libc._Atexit    0x00126c         0x18 /Applications/microchip/xc16/v1.61/bin/bin/../../lib/liblega-c-elf.a(xatexit.XX_elo)
                  0x00126c                  __Atexit
 .libc._Dnorm     0x001284         0x98 /Applications/microchip/xc16/v1.61/bin/bin/../../lib/liblega-c-elf.a(xdnorm.XX_elo)
                  0x001284                  __Dnorm
 .libc.free       0x00131c         0x64 /Applications/microchip/xc16/v1.61/bin/bin/../../lib/liblega-c-elf.a(free.XX_eo)
                  0x00131c                  _free
 .libc.findmem    0x001380         0x66 /Applications/microchip/xc16/v1.61/bin/bin/../../lib/liblega-c-elf.a(malloc.XX_eo)
 .libc.malloc     0x0013e6         0x54 /Applications/microchip/xc16/v1.61/bin/bin/../../lib/liblega-c-elf.a(malloc.XX_eo)
                  0x0013e6                  _malloc
 .libc._Getmem    0x00143a         0x14 /Applications/microchip/xc16/v1.61/bin/bin/../../lib/liblega-c-elf.a(xgetmem.XX_eo)
                  0x00143a                  __Getmem
 .libc.doclose    0x00144e          0x4 /Applications/microchip/xc16/v1.61/bin/bin/../../lib/liblega-pic30-elf.a(close.Leo)
 .libc.dowrite    0x001452          0x4 /Applications/microchip/xc16/v1.61/bin/bin/../../lib/liblega-pic30-elf.a(write.Leo)
 .libc.doremove
                  0x001456          0x4 /Applications/microchip/xc16/v1.61/bin/bin/../../lib/liblega-pic30-elf.a(remove.Leo)
 .libc.memcpy_eds
                  0x00145a         0x3a /Applications/microchip/xc16/v1.61/bin/bin/../../lib/liblega-pic30-elf.a(memcpy_eds.Leo)
                  0x00145a                  __memcpy_eds
                  0x00145a                  __memcpy_eds_3
 .libc._memchr_eds
                  0x001494         0x36 /Applications/microchip/xc16/v1.61/bin/bin/../../lib/liblega-pic30-elf.a(memchr_eds.Leo)
                  0x001494                  __memchr_eds
 .libm.eqdf2      0x0014ca          0xa /Applications/microchip/xc16/v1.61/bin/bin/../../lib/libm-elf.a(deqltle.eo)
                  0x0014ca                  ___ledf2
                  0x0014ca                  ___eqdf2
                  0x0014ca                  ___ltdf2
 .libm.gtdf2      0x0014d4          0xa /Applications/microchip/xc16/v1.61/bin/bin/../../lib/libm-elf.a(dgtge.eo)
                  0x0014d4                  ___gedf2
                  0x0014d4                  ___gtdf2
 .libm.divdf3     0x0014de         0xb4 /Applications/microchip/xc16/v1.61/bin/bin/../../lib/libm-elf.a(divdf3.eo)
                  0x0014de                  ___divdf3
 .libm.divsi3     0x001592         0x1e /Applications/microchip/xc16/v1.61/bin/bin/../../lib/libm-elf.a(divsi3.eo)
                  0x001592                  ___divsi3
 .libm.dpack      0x0015b0         0x58 /Applications/microchip/xc16/v1.61/bin/bin/../../lib/libm-elf.a(dpack.eo)
                  0x0015b0                  __dpack
 .libm.dunpack2
                  0x001608         0x32 /Applications/microchip/xc16/v1.61/bin/bin/../../lib/libm-elf.a(dunpack2.eo)
                  0x001608                  __dunpack2
                  0x00162a                  __dreturnNaN
                  0x001630                  __dunpack2exit
 .libm.extendsfdf2
                  0x00163a         0x3e /Applications/microchip/xc16/v1.61/bin/bin/../../lib/libm-elf.a(extendsfdf.eo)
                  0x00163a                  ___extendsfdf2
 .libm.fixdfsi    0x001678         0x58 /Applications/microchip/xc16/v1.61/bin/bin/../../lib/libm-elf.a(fixdfsi.eo)
                  0x001678                  _(float, int, long long, double, float, short, int)
 .libm.floatsidf
                  0x0016d0          0x6 /Applications/microchip/xc16/v1.61/bin/bin/../../lib/libm-elf.a(floatsidf.eo)
                  0x0016d0                  ___floatsidf
 *fill*           0x0016d6          0x400
 .libm.muldf3     0x0016d8         0xec /Applications/microchip/xc16/v1.61/bin/bin/../../lib/libm-elf.a(muldf3.eo)
                  0x0016d8                  ___muldf3
 .libm.subdf3     0x0017c4          0x4 /Applications/microchip/xc16/v1.61/bin/bin/../../lib/libm-elf.a(subdf3.eo)
                  0x0017c4                  ___subdf3
 .libm.udivsi3    0x0017c8         0x20 /Applications/microchip/xc16/v1.61/bin/bin/../../lib/libm-elf.a(udivsi3.eo)
                  0x0017c8                  ___udivsi3
 .libm.mulsi3     0x0017e8          0xc /Applications/microchip/xc16/v1.61/bin/bin/../../lib/libm-elf.a(mulsi3.eo)
                  0x0017e8                  ___mulp32eds3
                  0x0017e8                  ___mulp32peds3
                  0x0017e8                  ___mulsi3
 .libm.adddf3     0x0017f4         0xfc /Applications/microchip/xc16/v1.61/bin/bin/../../lib/libm-elf.a(adddf3.eo)
                  0x0017f4                  ___adddf3
 .libm.dcompare
                  0x0018f0         0x52 /Applications/microchip/xc16/v1.61/bin/bin/../../lib/libm-elf.a(dcompare.eo)
                  0x0018f0                  __dcompare
 .libm.dPropagateNaN
                  0x001942         0x1c /Applications/microchip/xc16/v1.61/bin/bin/../../lib/libm-elf.a(dpropagateNaN.eo)
                  0x001942                  __dPropagateNaN
 .libm.dtype      0x00195e         0x24 /Applications/microchip/xc16/v1.61/bin/bin/../../lib/libm-elf.a(dtype.eo)
                  0x00195e                  __dtype
 .libm.dunpack    0x001982         0x4e /Applications/microchip/xc16/v1.61/bin/bin/../../lib/libm-elf.a(dunpack.eo)
                  0x001982                  __dunpack
 .libm.floatdidf
                  0x0019d0         0x20 /Applications/microchip/xc16/v1.61/bin/bin/../../lib/libm-elf.a(floatdidf.eo)
                  0x0019d0                  ___floatdidf
 .libm.floatundidf
                  0x0019f0         0x56 /Applications/microchip/xc16/v1.61/bin/bin/../../lib/libm-elf.a(floatundidf.eo)
                  0x0019f0                  ___floatundidf

usercode
 *(usercode)

__CONFIG2
 *(__CONFIG2.sec*)

__CONFIG1
 *(__CONFIG1.sec*)

.comment          0x000000         0x5e
 *(.comment)
 .comment         0x000000         0x5e /Applications/microchip/xc16/v1.61/bin/bin/../../lib/liblega-c-elf.a(xfiles.XX_elo)

.debug_info       0x000000       0x1d25
 *(.debug_info)
 .debug_info      0x000000        0x338 build/default/production/EE3102_Project_genLib_v001.o
 .debug_info      0x000338        0x557 build/default/production/EE3102_Project_lcdLib_v001.o
 .debug_info      0x00088f        0x20c build/default/production/EE3102_Project_cbLib_v001.o
 .debug_info      0x000a9b       0x128a build/default/production/EE3102_Project_main_v001.o
 *(.gnu.linkonce.wi.*)

.debug_abbrev     0x000000        0x3f6
 *(.debug_abbrev)
 .debug_abbrev    0x000000         0xeb build/default/production/EE3102_Project_genLib_v001.o
 .debug_abbrev    0x0000eb        0x107 build/default/production/EE3102_Project_lcdLib_v001.o
 .debug_abbrev    0x0001f2         0x86 build/default/production/EE3102_Project_cbLib_v001.o
 .debug_abbrev    0x000278        0x17e build/default/production/EE3102_Project_main_v001.o

.debug_line       0x000000        0x4af
 *(.debug_line)
 .debug_line      0x000000        0x124 build/default/production/EE3102_Project_genLib_v001.o
 .debug_line      0x000124        0x176 build/default/production/EE3102_Project_lcdLib_v001.o
 .debug_line      0x00029a         0x7b build/default/production/EE3102_Project_cbLib_v001.o
 .debug_line      0x000315        0x19a build/default/production/EE3102_Project_main_v001.o

.debug_frame      0x000000        0x270
 *(.debug_frame)
 .debug_frame     0x000000         0x62 build/default/production/EE3102_Project_genLib_v001.o
 .debug_frame     0x000062         0xca build/default/production/EE3102_Project_lcdLib_v001.o
 .debug_frame     0x00012c         0x62 build/default/production/EE3102_Project_cbLib_v001.o
 .debug_frame     0x00018e         0xe2 build/default/production/EE3102_Project_main_v001.o

.debug_str        0x000000         0xcb
 *(.debug_str)
 .debug_str       0x000000          0xb build/default/production/EE3102_Project_genLib_v001.o
 .debug_str       0x00000b         0x2b build/default/production/EE3102_Project_lcdLib_v001.o
 .debug_str       0x000036         0x95 build/default/production/EE3102_Project_main_v001.o

.debug_loc
 *(.debug_loc)

.debug_macinfo
 *(.debug_macinfo)

.debug_pubnames
                  0x000000        0x13d
 *(.debug_pubnames)
 .debug_pubnames
                  0x000000         0x3b build/default/production/EE3102_Project_genLib_v001.o
 .debug_pubnames
                  0x00003b         0x82 build/default/production/EE3102_Project_lcdLib_v001.o
 .debug_pubnames
                  0x0000bd         0x37 build/default/production/EE3102_Project_cbLib_v001.o
 .debug_pubnames
                  0x0000f4         0x49 build/default/production/EE3102_Project_main_v001.o

.debug_ranges
 *(.debug_ranges)

.debug_aranges    0x000000         0x60
 *(.debug_aranges)
 .debug_aranges
                  0x000000         0x18 build/default/production/EE3102_Project_genLib_v001.o
 .debug_aranges
                  0x000018         0x18 build/default/production/EE3102_Project_lcdLib_v001.o
 .debug_aranges
                  0x000030         0x18 build/default/production/EE3102_Project_cbLib_v001.o
 .debug_aranges
                  0x000048         0x18 build/default/production/EE3102_Project_main_v001.o
                    0x0000                  WREG0 = 0x0
                    0x0000                  _WREG0 = 0x0
                    0x0002                  WREG1 = 0x2
                    0x0002                  _WREG1 = 0x2
                    0x0004                  WREG2 = 0x4
                    0x0004                  _WREG2 = 0x4
                    0x0006                  WREG3 = 0x6
                    0x0006                  _WREG3 = 0x6
                    0x0008                  WREG4 = 0x8
                    0x0008                  _WREG4 = 0x8
                    0x000a                  WREG5 = 0xa
                    0x000a                  _WREG5 = 0xa
                    0x000c                  WREG6 = 0xc
                    0x000c                  _WREG6 = 0xc
                    0x000e                  WREG7 = 0xe
                    0x000e                  _WREG7 = 0xe
                    0x0010                  WREG8 = 0x10
                    0x0010                  _WREG8 = 0x10
                    0x0012                  WREG9 = 0x12
                    0x0012                  _WREG9 = 0x12
                    0x0014                  WREG10 = 0x14
                    0x0014                  _WREG10 = 0x14
                    0x0016                  WREG11 = 0x16
                    0x0016                  _WREG11 = 0x16
                    0x0018                  WREG12 = 0x18
                    0x0018                  _WREG12 = 0x18
                    0x001a                  WREG13 = 0x1a
                    0x001a                  _WREG13 = 0x1a
                    0x001c                  WREG14 = 0x1c
                    0x001c                  _WREG14 = 0x1c
                    0x001e                  WREG15 = 0x1e
                    0x001e                  _WREG15 = 0x1e
                    0x0020                  SPLIM = 0x20
                    0x0020                  _SPLIM = 0x20
                    0x002e                  PCL = 0x2e
                    0x002e                  _PCL = 0x2e
                    0x0030                  PCH = 0x30
                    0x0030                  _PCH = 0x30
                    0x0032                  TBLPAG = 0x32
                    0x0032                  _TBLPAG = 0x32
                    0x0034                  PSVPAG = 0x34
                    0x0034                  _PSVPAG = 0x34
                    0x0036                  RCOUNT = 0x36
                    0x0036                  _RCOUNT = 0x36
                    0x0042                  SR = 0x42
                    0x0042                  _SR = 0x42
                    0x0042                  _SRbits = 0x42
                    0x0044                  CORCON = 0x44
                    0x0044                  _CORCON = 0x44
                    0x0044                  _CORCONbits = 0x44
                    0x0052                  DISICNT = 0x52
                    0x0052                  _DISICNT = 0x52
                    0x0060                  CNEN1 = 0x60
                    0x0060                  _CNEN1 = 0x60
                    0x0060                  _CNEN1bits = 0x60
                    0x0062                  CNEN2 = 0x62
                    0x0062                  _CNEN2 = 0x62
                    0x0062                  _CNEN2bits = 0x62
                    0x0068                  CNPU1 = 0x68
                    0x0068                  _CNPU1 = 0x68
                    0x0068                  _CNPU1bits = 0x68
                    0x006a                  CNPU2 = 0x6a
                    0x006a                  _CNPU2 = 0x6a
                    0x006a                  _CNPU2bits = 0x6a
                    0x0080                  INTCON1 = 0x80
                    0x0080                  _INTCON1 = 0x80
                    0x0080                  _INTCON1bits = 0x80
                    0x0082                  INTCON2 = 0x82
                    0x0082                  _INTCON2 = 0x82
                    0x0082                  _INTCON2bits = 0x82
                    0x0084                  IFS0 = 0x84
                    0x0084                  _IFS0 = 0x84
                    0x0084                  _IFS0bits = 0x84
                    0x0086                  IFS1 = 0x86
                    0x0086                  _IFS1 = 0x86
                    0x0086                  _IFS1bits = 0x86
                    0x0088                  IFS2 = 0x88
                    0x0088                  _IFS2 = 0x88
                    0x0088                  _IFS2bits = 0x88
                    0x008a                  IFS3 = 0x8a
                    0x008a                  _IFS3 = 0x8a
                    0x008a                  _IFS3bits = 0x8a
                    0x008c                  IFS4 = 0x8c
                    0x008c                  _IFS4 = 0x8c
                    0x008c                  _IFS4bits = 0x8c
                    0x0094                  IEC0 = 0x94
                    0x0094                  _IEC0 = 0x94
                    0x0094                  _IEC0bits = 0x94
                    0x0096                  IEC1 = 0x96
                    0x0096                  _IEC1 = 0x96
                    0x0096                  _IEC1bits = 0x96
                    0x0098                  IEC2 = 0x98
                    0x0098                  _IEC2 = 0x98
                    0x0098                  _IEC2bits = 0x98
                    0x009a                  IEC3 = 0x9a
                    0x009a                  _IEC3 = 0x9a
                    0x009a                  _IEC3bits = 0x9a
                    0x009c                  IEC4 = 0x9c
                    0x009c                  _IEC4 = 0x9c
                    0x009c                  _IEC4bits = 0x9c
                    0x00a4                  IPC0 = 0xa4
                    0x00a4                  _IPC0 = 0xa4
                    0x00a4                  _IPC0bits = 0xa4
                    0x00a6                  IPC1 = 0xa6
                    0x00a6                  _IPC1 = 0xa6
                    0x00a6                  _IPC1bits = 0xa6
                    0x00a8                  IPC2 = 0xa8
                    0x00a8                  _IPC2 = 0xa8
                    0x00a8                  _IPC2bits = 0xa8
                    0x00aa                  IPC3 = 0xaa
                    0x00aa                  _IPC3 = 0xaa
                    0x00aa                  _IPC3bits = 0xaa
                    0x00ac                  IPC4 = 0xac
                    0x00ac                  _IPC4 = 0xac
                    0x00ac                  _IPC4bits = 0xac
                    0x00ae                  IPC5 = 0xae
                    0x00ae                  _IPC5 = 0xae
                    0x00ae                  _IPC5bits = 0xae
                    0x00b0                  IPC6 = 0xb0
                    0x00b0                  _IPC6 = 0xb0
                    0x00b0                  _IPC6bits = 0xb0
                    0x00b2                  IPC7 = 0xb2
                    0x00b2                  _IPC7 = 0xb2
                    0x00b2                  _IPC7bits = 0xb2
                    0x00b4                  IPC8 = 0xb4
                    0x00b4                  _IPC8 = 0xb4
                    0x00b4                  _IPC8bits = 0xb4
                    0x00b6                  IPC9 = 0xb6
                    0x00b6                  _IPC9 = 0xb6
                    0x00b6                  _IPC9bits = 0xb6
                    0x00b8                  IPC10 = 0xb8
                    0x00b8                  _IPC10 = 0xb8
                    0x00b8                  _IPC10bits = 0xb8
                    0x00ba                  IPC11 = 0xba
                    0x00ba                  _IPC11 = 0xba
                    0x00ba                  _IPC11bits = 0xba
                    0x00bc                  IPC12 = 0xbc
                    0x00bc                  _IPC12 = 0xbc
                    0x00bc                  _IPC12bits = 0xbc
                    0x00c2                  IPC15 = 0xc2
                    0x00c2                  _IPC15 = 0xc2
                    0x00c2                  _IPC15bits = 0xc2
                    0x00c4                  IPC16 = 0xc4
                    0x00c4                  _IPC16 = 0xc4
                    0x00c4                  _IPC16bits = 0xc4
                    0x00c8                  IPC18 = 0xc8
                    0x00c8                  _IPC18 = 0xc8
                    0x00c8                  _IPC18bits = 0xc8
                    0x0100                  TMR1 = 0x100
                    0x0100                  _TMR1 = 0x100
                    0x0102                  PR1 = 0x102
                    0x0102                  _PR1 = 0x102
                    0x0104                  T1CON = 0x104
                    0x0104                  _T1CON = 0x104
                    0x0104                  _T1CONbits = 0x104
                    0x0106                  TMR2 = 0x106
                    0x0106                  _TMR2 = 0x106
                    0x0108                  TMR3HLD = 0x108
                    0x0108                  _TMR3HLD = 0x108
                    0x010a                  TMR3 = 0x10a
                    0x010a                  _TMR3 = 0x10a
                    0x010c                  PR2 = 0x10c
                    0x010c                  _PR2 = 0x10c
                    0x010e                  PR3 = 0x10e
                    0x010e                  _PR3 = 0x10e
                    0x0110                  T2CON = 0x110
                    0x0110                  _T2CON = 0x110
                    0x0110                  _T2CONbits = 0x110
                    0x0112                  T3CON = 0x112
                    0x0112                  _T3CON = 0x112
                    0x0112                  _T3CONbits = 0x112
                    0x0114                  TMR4 = 0x114
                    0x0114                  _TMR4 = 0x114
                    0x0116                  TMR5HLD = 0x116
                    0x0116                  _TMR5HLD = 0x116
                    0x0118                  TMR5 = 0x118
                    0x0118                  _TMR5 = 0x118
                    0x011a                  PR4 = 0x11a
                    0x011a                  _PR4 = 0x11a
                    0x011c                  PR5 = 0x11c
                    0x011c                  _PR5 = 0x11c
                    0x011e                  T4CON = 0x11e
                    0x011e                  _T4CON = 0x11e
                    0x011e                  _T4CONbits = 0x11e
                    0x0120                  T5CON = 0x120
                    0x0120                  _T5CON = 0x120
                    0x0120                  _T5CONbits = 0x120
                    0x0140                  IC1BUF = 0x140
                    0x0140                  _IC1BUF = 0x140
                    0x0142                  IC1CON = 0x142
                    0x0142                  _IC1CON = 0x142
                    0x0142                  _IC1CONbits = 0x142
                    0x0144                  IC2BUF = 0x144
                    0x0144                  _IC2BUF = 0x144
                    0x0146                  IC2CON = 0x146
                    0x0146                  _IC2CON = 0x146
                    0x0146                  _IC2CONbits = 0x146
                    0x0148                  IC3BUF = 0x148
                    0x0148                  _IC3BUF = 0x148
                    0x014a                  IC3CON = 0x14a
                    0x014a                  _IC3CON = 0x14a
                    0x014a                  _IC3CONbits = 0x14a
                    0x014c                  IC4BUF = 0x14c
                    0x014c                  _IC4BUF = 0x14c
                    0x014e                  IC4CON = 0x14e
                    0x014e                  _IC4CON = 0x14e
                    0x014e                  _IC4CONbits = 0x14e
                    0x0150                  IC5BUF = 0x150
                    0x0150                  _IC5BUF = 0x150
                    0x0152                  IC5CON = 0x152
                    0x0152                  _IC5CON = 0x152
                    0x0152                  _IC5CONbits = 0x152
                    0x0180                  OC1RS = 0x180
                    0x0180                  _OC1RS = 0x180
                    0x0182                  OC1R = 0x182
                    0x0182                  _OC1R = 0x182
                    0x0184                  OC1CON = 0x184
                    0x0184                  _OC1CON = 0x184
                    0x0184                  _OC1CONbits = 0x184
                    0x0186                  OC2RS = 0x186
                    0x0186                  _OC2RS = 0x186
                    0x0188                  OC2R = 0x188
                    0x0188                  _OC2R = 0x188
                    0x018a                  OC2CON = 0x18a
                    0x018a                  _OC2CON = 0x18a
                    0x018a                  _OC2CONbits = 0x18a
                    0x018c                  OC3RS = 0x18c
                    0x018c                  _OC3RS = 0x18c
                    0x018e                  OC3R = 0x18e
                    0x018e                  _OC3R = 0x18e
                    0x0190                  OC3CON = 0x190
                    0x0190                  _OC3CON = 0x190
                    0x0190                  _OC3CONbits = 0x190
                    0x0192                  OC4RS = 0x192
                    0x0192                  _OC4RS = 0x192
                    0x0194                  OC4R = 0x194
                    0x0194                  _OC4R = 0x194
                    0x0196                  OC4CON = 0x196
                    0x0196                  _OC4CON = 0x196
                    0x0196                  _OC4CONbits = 0x196
                    0x0198                  OC5RS = 0x198
                    0x0198                  _OC5RS = 0x198
                    0x019a                  OC5R = 0x19a
                    0x019a                  _OC5R = 0x19a
                    0x019c                  OC5CON = 0x19c
                    0x019c                  _OC5CON = 0x19c
                    0x019c                  _OC5CONbits = 0x19c
                    0x0200                  I2C1RCV = 0x200
                    0x0200                  _I2C1RCV = 0x200
                    0x0202                  I2C1TRN = 0x202
                    0x0202                  _I2C1TRN = 0x202
                    0x0204                  I2C1BRG = 0x204
                    0x0204                  _I2C1BRG = 0x204
                    0x0206                  I2C1CON = 0x206
                    0x0206                  _I2C1CON = 0x206
                    0x0206                  _I2C1CONbits = 0x206
                    0x0208                  I2C1STAT = 0x208
                    0x0208                  _I2C1STAT = 0x208
                    0x0208                  _I2C1STATbits = 0x208
                    0x020a                  I2C1ADD = 0x20a
                    0x020a                  _I2C1ADD = 0x20a
                    0x020c                  I2C1MSK = 0x20c
                    0x020c                  _I2C1MSK = 0x20c
                    0x0210                  I2C2RCV = 0x210
                    0x0210                  _I2C2RCV = 0x210
                    0x0212                  I2C2TRN = 0x212
                    0x0212                  _I2C2TRN = 0x212
                    0x0214                  I2C2BRG = 0x214
                    0x0214                  _I2C2BRG = 0x214
                    0x0216                  I2C2CON = 0x216
                    0x0216                  _I2C2CON = 0x216
                    0x0216                  _I2C2CONbits = 0x216
                    0x0218                  I2C2STAT = 0x218
                    0x0218                  _I2C2STAT = 0x218
                    0x0218                  _I2C2STATbits = 0x218
                    0x021a                  I2C2ADD = 0x21a
                    0x021a                  _I2C2ADD = 0x21a
                    0x021c                  I2C2MSK = 0x21c
                    0x021c                  _I2C2MSK = 0x21c
                    0x0220                  U1MODE = 0x220
                    0x0220                  _U1MODE = 0x220
                    0x0220                  _U1MODEbits = 0x220
                    0x0222                  U1STA = 0x222
                    0x0222                  _U1STA = 0x222
                    0x0222                  _U1STAbits = 0x222
                    0x0224                  U1TXREG = 0x224
                    0x0224                  _U1TXREG = 0x224
                    0x0226                  U1RXREG = 0x226
                    0x0226                  _U1RXREG = 0x226
                    0x0228                  U1BRG = 0x228
                    0x0228                  _U1BRG = 0x228
                    0x0230                  U2MODE = 0x230
                    0x0230                  _U2MODE = 0x230
                    0x0230                  _U2MODEbits = 0x230
                    0x0232                  U2STA = 0x232
                    0x0232                  _U2STA = 0x232
                    0x0232                  _U2STAbits = 0x232
                    0x0234                  U2TXREG = 0x234
                    0x0234                  _U2TXREG = 0x234
                    0x0236                  U2RXREG = 0x236
                    0x0236                  _U2RXREG = 0x236
                    0x0238                  U2BRG = 0x238
                    0x0238                  _U2BRG = 0x238
                    0x0240                  SPI1STAT = 0x240
                    0x0240                  _SPI1STAT = 0x240
                    0x0240                  _SPI1STATbits = 0x240
                    0x0242                  SPI1CON1 = 0x242
                    0x0242                  _SPI1CON1 = 0x242
                    0x0242                  _SPI1CON1bits = 0x242
                    0x0244                  SPI1CON2 = 0x244
                    0x0244                  _SPI1CON2 = 0x244
                    0x0244                  _SPI1CON2bits = 0x244
                    0x0248                  SPI1BUF = 0x248
                    0x0248                  _SPI1BUF = 0x248
                    0x0260                  SPI2STAT = 0x260
                    0x0260                  _SPI2STAT = 0x260
                    0x0260                  _SPI2STATbits = 0x260
                    0x0262                  SPI2CON1 = 0x262
                    0x0262                  _SPI2CON1 = 0x262
                    0x0262                  _SPI2CON1bits = 0x262
                    0x0264                  SPI2CON2 = 0x264
                    0x0264                  _SPI2CON2 = 0x264
                    0x0264                  _SPI2CON2bits = 0x264
                    0x0268                  SPI2BUF = 0x268
                    0x0268                  _SPI2BUF = 0x268
                    0x02c0                  TRISA = 0x2c0
                    0x02c0                  _TRISA = 0x2c0
                    0x02c0                  _TRISAbits = 0x2c0
                    0x02c2                  PORTA = 0x2c2
                    0x02c2                  _PORTA = 0x2c2
                    0x02c2                  _PORTAbits = 0x2c2
                    0x02c4                  LATA = 0x2c4
                    0x02c4                  _LATA = 0x2c4
                    0x02c4                  _LATAbits = 0x2c4
                    0x02c6                  ODCA = 0x2c6
                    0x02c6                  _ODCA = 0x2c6
                    0x02c6                  _ODCAbits = 0x2c6
                    0x02c8                  TRISB = 0x2c8
                    0x02c8                  _TRISB = 0x2c8
                    0x02c8                  _TRISBbits = 0x2c8
                    0x02ca                  PORTB = 0x2ca
                    0x02ca                  _PORTB = 0x2ca
                    0x02ca                  _PORTBbits = 0x2ca
                    0x02cc                  LATB = 0x2cc
                    0x02cc                  _LATB = 0x2cc
                    0x02cc                  _LATBbits = 0x2cc
                    0x02ce                  ODCB = 0x2ce
                    0x02ce                  _ODCB = 0x2ce
                    0x02ce                  _ODCBbits = 0x2ce
                    0x02fc                  PADCFG1 = 0x2fc
                    0x02fc                  _PADCFG1 = 0x2fc
                    0x02fc                  _PADCFG1bits = 0x2fc
                    0x0300                  ADC1BUF0 = 0x300
                    0x0300                  _ADC1BUF0 = 0x300
                    0x0302                  ADC1BUF1 = 0x302
                    0x0302                  _ADC1BUF1 = 0x302
                    0x0304                  ADC1BUF2 = 0x304
                    0x0304                  _ADC1BUF2 = 0x304
                    0x0306                  ADC1BUF3 = 0x306
                    0x0306                  _ADC1BUF3 = 0x306
                    0x0308                  ADC1BUF4 = 0x308
                    0x0308                  _ADC1BUF4 = 0x308
                    0x030a                  ADC1BUF5 = 0x30a
                    0x030a                  _ADC1BUF5 = 0x30a
                    0x030c                  ADC1BUF6 = 0x30c
                    0x030c                  _ADC1BUF6 = 0x30c
                    0x030e                  ADC1BUF7 = 0x30e
                    0x030e                  _ADC1BUF7 = 0x30e
                    0x0310                  ADC1BUF8 = 0x310
                    0x0310                  _ADC1BUF8 = 0x310
                    0x0312                  ADC1BUF9 = 0x312
                    0x0312                  _ADC1BUF9 = 0x312
                    0x0314                  ADC1BUFA = 0x314
                    0x0314                  _ADC1BUFA = 0x314
                    0x0316                  ADC1BUFB = 0x316
                    0x0316                  _ADC1BUFB = 0x316
                    0x0318                  ADC1BUFC = 0x318
                    0x0318                  _ADC1BUFC = 0x318
                    0x031a                  ADC1BUFD = 0x31a
                    0x031a                  _ADC1BUFD = 0x31a
                    0x031c                  ADC1BUFE = 0x31c
                    0x031c                  _ADC1BUFE = 0x31c
                    0x031e                  ADC1BUFF = 0x31e
                    0x031e                  _ADC1BUFF = 0x31e
                    0x0320                  AD1CON1 = 0x320
                    0x0320                  _AD1CON1 = 0x320
                    0x0320                  _AD1CON1bits = 0x320
                    0x0322                  AD1CON2 = 0x322
                    0x0322                  _AD1CON2 = 0x322
                    0x0322                  _AD1CON2bits = 0x322
                    0x0324                  AD1CON3 = 0x324
                    0x0324                  _AD1CON3 = 0x324
                    0x0324                  _AD1CON3bits = 0x324
                    0x0328                  AD1CHS = 0x328
                    0x0328                  _AD1CHS = 0x328
                    0x0328                  _AD1CHSbits = 0x328
                    0x032c                  AD1PCFG = 0x32c
                    0x032c                  _AD1PCFG = 0x32c
                    0x032c                  _AD1PCFGbits = 0x32c
                    0x0330                  AD1CSSL = 0x330
                    0x0330                  _AD1CSSL = 0x330
                    0x0330                  _AD1CSSLbits = 0x330
                    0x0600                  PMCON = 0x600
                    0x0600                  _PMCON = 0x600
                    0x0600                  _PMCONbits = 0x600
                    0x0602                  PMMODE = 0x602
                    0x0602                  _PMMODE = 0x602
                    0x0602                  _PMMODEbits = 0x602
                    0x0604                  PMADDR = 0x604
                    0x0604                  _PMADDR = 0x604
                    0x0604                  _PMADDRbits = 0x604
                    0x0604                  PMDOUT1 = 0x604
                    0x0604                  _PMDOUT1 = 0x604
                    0x0604                  _PMDOUT1bits = 0x604
                    0x0606                  PMDOUT2 = 0x606
                    0x0606                  _PMDOUT2 = 0x606
                    0x0608                  PMDIN1 = 0x608
                    0x0608                  _PMDIN1 = 0x608
                    0x060a                  PMDIN2 = 0x60a
                    0x060a                  _PMDIN2 = 0x60a
                    0x060c                  PMAEN = 0x60c
                    0x060c                  _PMAEN = 0x60c
                    0x060c                  _PMAENbits = 0x60c
                    0x060e                  PMSTAT = 0x60e
                    0x060e                  _PMSTAT = 0x60e
                    0x060e                  _PMSTATbits = 0x60e
                    0x0620                  ALRMVAL = 0x620
                    0x0620                  _ALRMVAL = 0x620
                    0x0622                  ALCFGRPT = 0x622
                    0x0622                  _ALCFGRPT = 0x622
                    0x0622                  _ALCFGRPTbits = 0x622
                    0x0624                  RTCVAL = 0x624
                    0x0624                  _RTCVAL = 0x624
                    0x0626                  RCFGCAL = 0x626
                    0x0626                  _RCFGCAL = 0x626
                    0x0626                  _RCFGCALbits = 0x626
                    0x0630                  CMCON = 0x630
                    0x0630                  _CMCON = 0x630
                    0x0630                  _CMCONbits = 0x630
                    0x0632                  CVRCON = 0x632
                    0x0632                  _CVRCON = 0x632
                    0x0632                  _CVRCONbits = 0x632
                    0x0640                  CRCCON = 0x640
                    0x0640                  _CRCCON = 0x640
                    0x0640                  _CRCCONbits = 0x640
                    0x0642                  CRCXOR = 0x642
                    0x0642                  _CRCXOR = 0x642
                    0x0642                  _CRCXORbits = 0x642
                    0x0644                  CRCDAT = 0x644
                    0x0644                  _CRCDAT = 0x644
                    0x0646                  CRCWDAT = 0x646
                    0x0646                  _CRCWDAT = 0x646
                    0x0680                  RPINR0 = 0x680
                    0x0680                  _RPINR0 = 0x680
                    0x0680                  _RPINR0bits = 0x680
                    0x0682                  RPINR1 = 0x682
                    0x0682                  _RPINR1 = 0x682
                    0x0682                  _RPINR1bits = 0x682
                    0x0686                  RPINR3 = 0x686
                    0x0686                  _RPINR3 = 0x686
                    0x0686                  _RPINR3bits = 0x686
                    0x0688                  RPINR4 = 0x688
                    0x0688                  _RPINR4 = 0x688
                    0x0688                  _RPINR4bits = 0x688
                    0x068e                  RPINR7 = 0x68e
                    0x068e                  _RPINR7 = 0x68e
                    0x068e                  _RPINR7bits = 0x68e
                    0x0690                  RPINR8 = 0x690
                    0x0690                  _RPINR8 = 0x690
                    0x0690                  _RPINR8bits = 0x690
                    0x0692                  RPINR9 = 0x692
                    0x0692                  _RPINR9 = 0x692
                    0x0692                  _RPINR9bits = 0x692
                    0x0696                  RPINR11 = 0x696
                    0x0696                  _RPINR11 = 0x696
                    0x0696                  _RPINR11bits = 0x696
                    0x06a4                  RPINR18 = 0x6a4
                    0x06a4                  _RPINR18 = 0x6a4
                    0x06a4                  _RPINR18bits = 0x6a4
                    0x06a6                  RPINR19 = 0x6a6
                    0x06a6                  _RPINR19 = 0x6a6
                    0x06a6                  _RPINR19bits = 0x6a6
                    0x06a8                  RPINR20 = 0x6a8
                    0x06a8                  _RPINR20 = 0x6a8
                    0x06a8                  _RPINR20bits = 0x6a8
                    0x06aa                  RPINR21 = 0x6aa
                    0x06aa                  _RPINR21 = 0x6aa
                    0x06aa                  _RPINR21bits = 0x6aa
                    0x06ac                  RPINR22 = 0x6ac
                    0x06ac                  _RPINR22 = 0x6ac
                    0x06ac                  _RPINR22bits = 0x6ac
                    0x06ae                  RPINR23 = 0x6ae
                    0x06ae                  _RPINR23 = 0x6ae
                    0x06ae                  _RPINR23bits = 0x6ae
                    0x06c0                  RPOR0 = 0x6c0
                    0x06c0                  _RPOR0 = 0x6c0
                    0x06c0                  _RPOR0bits = 0x6c0
                    0x06c2                  RPOR1 = 0x6c2
                    0x06c2                  _RPOR1 = 0x6c2
                    0x06c2                  _RPOR1bits = 0x6c2
                    0x06c4                  RPOR2 = 0x6c4
                    0x06c4                  _RPOR2 = 0x6c4
                    0x06c4                  _RPOR2bits = 0x6c4
                    0x06c6                  RPOR3 = 0x6c6
                    0x06c6                  _RPOR3 = 0x6c6
                    0x06c6                  _RPOR3bits = 0x6c6
                    0x06c8                  RPOR4 = 0x6c8
                    0x06c8                  _RPOR4 = 0x6c8
                    0x06c8                  _RPOR4bits = 0x6c8
                    0x06ca                  RPOR5 = 0x6ca
                    0x06ca                  _RPOR5 = 0x6ca
                    0x06ca                  _RPOR5bits = 0x6ca
                    0x06cc                  RPOR6 = 0x6cc
                    0x06cc                  _RPOR6 = 0x6cc
                    0x06cc                  _RPOR6bits = 0x6cc
                    0x06ce                  RPOR7 = 0x6ce
                    0x06ce                  _RPOR7 = 0x6ce
                    0x06ce                  _RPOR7bits = 0x6ce
                    0x0740                  RCON = 0x740
                    0x0740                  _RCON = 0x740
                    0x0740                  _RCONbits = 0x740
                    0x0742                  OSCCON = 0x742
                    0x0742                  _OSCCON = 0x742
                    0x0742                  _OSCCONbits = 0x742
                    0x0742                  OSCCONL = 0x742
                    0x0742                  _OSCCONL = 0x742
                    0x0743                  OSCCONH = 0x743
                    0x0743                  _OSCCONH = 0x743
                    0x0744                  CLKDIV = 0x744
                    0x0744                  _CLKDIV = 0x744
                    0x0744                  _CLKDIVbits = 0x744
                    0x0748                  OSCTUN = 0x748
                    0x0748                  _OSCTUN = 0x748
                    0x0748                  _OSCTUNbits = 0x748
                    0x0760                  NVMCON = 0x760
                    0x0760                  _NVMCON = 0x760
                    0x0760                  _NVMCONbits = 0x760
                    0x0766                  NVMKEY = 0x766
                    0x0766                  _NVMKEY = 0x766
                    0x0770                  PMD1 = 0x770
                    0x0770                  _PMD1 = 0x770
                    0x0770                  _PMD1bits = 0x770
                    0x0772                  PMD2 = 0x772
                    0x0772                  _PMD2 = 0x772
                    0x0772                  _PMD2bits = 0x772
                    0x0774                  PMD3 = 0x774
                    0x0774                  _PMD3 = 0x774
                    0x0774                  _PMD3bits = 0x774
                    0x0140                  IC1 = 0x140
                    0x0140                  _IC1 = 0x140
                    0x0144                  IC2 = 0x144
                    0x0144                  _IC2 = 0x144
                    0x0148                  IC3 = 0x148
                    0x0148                  _IC3 = 0x148
                    0x014c                  IC4 = 0x14c
                    0x014c                  _IC4 = 0x14c
                    0x0150                  IC5 = 0x150
                    0x0150                  _IC5 = 0x150
                    0x0180                  OC1 = 0x180
                    0x0180                  _OC1 = 0x180
                    0x0186                  OC2 = 0x186
                    0x0186                  _OC2 = 0x186
                    0x018c                  OC3 = 0x18c
                    0x018c                  _OC3 = 0x18c
                    0x0192                  OC4 = 0x192
                    0x0192                  _OC4 = 0x192
                    0x0198                  OC5 = 0x198
                    0x0198                  _OC5 = 0x198
                    0x0240                  SPI1 = 0x240
                    0x0240                  _SPI1 = 0x240
                    0x0260                  SPI2 = 0x260
                    0x0260                  _SPI2 = 0x260
                    0x0220                  UART1 = 0x220
                    0x0220                  _UART1 = 0x220
                    0x0230                  UART2 = 0x230
                    0x0230                  _UART2 = 0x230
START GROUP
LOAD /Applications/microchip/xc16/v1.61/bin/bin/../../lib/liblega-pic30-elf.a
LOAD /Applications/microchip/xc16/v1.61/bin/bin/../../lib/libm-elf.a
LOAD /Applications/microchip/xc16/v1.61/bin/bin/../../lib/liblega-c-elf.a
END GROUP
OUTPUT(dist/default/production/EE3102_Project.X.production.elf elf32-pic30)
LOAD jump_table
LOAD default_isr
LOAD data_init

.debug_pubtypes
                  0x000060        0x271
 .debug_pubtypes
                  0x000060         0x40 build/default/production/EE3102_Project_genLib_v001.o
 .debug_pubtypes
                  0x0000a0         0x7d build/default/production/EE3102_Project_lcdLib_v001.o
 .debug_pubtypes
                  0x00011d         0x12 build/default/production/EE3102_Project_cbLib_v001.o
 .debug_pubtypes
                  0x00012f        0x1a2 build/default/production/EE3102_Project_main_v001.o

__c30_signature
                  0x0002d1        0x180
 __c30_signature
                  0x0002d1          0x6 build/default/production/EE3102_Project_genLib_v001.o
 __c30_signature
                  0x0002d7          0x6 build/default/production/EE3102_Project_lcdLib_v001.o
 __c30_signature
                  0x0002dd          0x6 build/default/production/EE3102_Project_cbLib_v001.o
 __c30_signature
                  0x0002e3          0x6 build/default/production/EE3102_Project_main_v001.o
 __c30_signature
                  0x0002e9          0x6 /Applications/microchip/xc16/v1.61/bin/bin/../../lib/liblega-pic30-elf.a(crt0_standard.o)
 __c30_signature
                  0x0002ef          0x6 /Applications/microchip/xc16/v1.61/bin/bin/../../lib/liblega-pic30-elf.a(data_init_standard.o)
 __c30_signature
                  0x0002f5          0x6 /Applications/microchip/xc16/v1.61/bin/bin/../../lib/libm-elf.a(addsf3.eo)
 __c30_signature
                  0x0002fb          0x6 /Applications/microchip/xc16/v1.61/bin/bin/../../lib/libm-elf.a(floatunsisf.eo)
 __c30_signature
                  0x000301          0x6 /Applications/microchip/xc16/v1.61/bin/bin/../../lib/libm-elf.a(fpack.eo)
 __c30_signature
                  0x000307          0x6 /Applications/microchip/xc16/v1.61/bin/bin/../../lib/libm-elf.a(funpack2.eo)
 __c30_signature
                  0x00030d          0x6 /Applications/microchip/xc16/v1.61/bin/bin/../../lib/libm-elf.a(futil.eo)
 __c30_signature
                  0x000313          0x6 /Applications/microchip/xc16/v1.61/bin/bin/../../lib/libm-elf.a(mulsf3.eo)
 __c30_signature
                  0x000319          0x6 /Applications/microchip/xc16/v1.61/bin/bin/../../lib/libm-elf.a(floatundisf.eo)
 __c30_signature
                  0x00031f          0x6 /Applications/microchip/xc16/v1.61/bin/bin/../../lib/libm-elf.a(funpack.eo)
 __c30_signature
                  0x000325          0x6 /Applications/microchip/xc16/v1.61/bin/bin/../../lib/liblega-c-elf.a(sprintf_fF.XXeo)
 __c30_signature
                  0x00032b          0x6 /Applications/microchip/xc16/v1.61/bin/bin/../../lib/liblega-c-elf.a(xprintf_fF.XXeo)
 __c30_signature
                  0x000331          0x6 /Applications/microchip/xc16/v1.61/bin/bin/../../lib/liblega-c-elf.a(memcpy.XX_eo)
 __c30_signature
                  0x000337          0x6 /Applications/microchip/xc16/v1.61/bin/bin/../../lib/liblega-c-elf.a(strchr.XX_eo)
 __c30_signature
                  0x00033d          0x6 /Applications/microchip/xc16/v1.61/bin/bin/../../lib/liblega-c-elf.a(xputtxt.XX_eo)
 __c30_signature
                  0x000343          0x6 /Applications/microchip/xc16/v1.61/bin/bin/../../lib/liblega-c-elf.a(xvacopy.XX_eo)
 __c30_signature
                  0x000349          0x6 /Applications/microchip/xc16/v1.61/bin/bin/../../lib/liblega-c-elf.a(efwrite.XX_eo)
 __c30_signature
                  0x00034f          0x6 /Applications/microchip/xc16/v1.61/bin/bin/../../lib/liblega-c-elf.a(fflush.XX_elo)
 __c30_signature
                  0x000355          0x6 /Applications/microchip/xc16/v1.61/bin/bin/../../lib/liblega-c-elf.a(xfiles.XX_elo)
 __c30_signature
                  0x00035b          0x6 /Applications/microchip/xc16/v1.61/bin/bin/../../lib/liblega-c-elf.a(xputfld_fF.XXeo)
 __c30_signature
                  0x000361          0x6 /Applications/microchip/xc16/v1.61/bin/bin/../../lib/liblega-c-elf.a(xldtob_fF.XXeo)
 __c30_signature
                  0x000367          0x6 /Applications/microchip/xc16/v1.61/bin/bin/../../lib/liblega-c-elf.a(xgenld_fF.XXeo)
 __c30_signature
                  0x00036d          0x6 /Applications/microchip/xc16/v1.61/bin/bin/../../lib/liblega-c-elf.a(div.XX_eo)
 __c30_signature
                  0x000373          0x6 /Applications/microchip/xc16/v1.61/bin/bin/../../lib/liblega-c-elf.a(ldiv.XX_eo)
 __c30_signature
                  0x000379          0x6 /Applications/microchip/xc16/v1.61/bin/bin/../../lib/liblega-c-elf.a(xfwprep.XX_eo)
 __c30_signature
                  0x00037f          0x6 /Applications/microchip/xc16/v1.61/bin/bin/../../lib/liblega-c-elf.a(xldunsca.XX_eo)
 __c30_signature
                  0x000385          0x6 /Applications/microchip/xc16/v1.61/bin/bin/../../lib/liblega-c-elf.a(fclose.XX_elo)
 __c30_signature
                  0x00038b          0x6 /Applications/microchip/xc16/v1.61/bin/bin/../../lib/liblega-c-elf.a(xatexit.XX_elo)
 __c30_signature
                  0x000391          0x6 /Applications/microchip/xc16/v1.61/bin/bin/../../lib/liblega-c-elf.a(xdnorm.XX_elo)
 __c30_signature
                  0x000397          0x6 /Applications/microchip/xc16/v1.61/bin/bin/../../lib/liblega-c-elf.a(free.XX_eo)
 __c30_signature
                  0x00039d          0x6 /Applications/microchip/xc16/v1.61/bin/bin/../../lib/liblega-c-elf.a(malloc.XX_eo)
 __c30_signature
                  0x0003a3          0x6 /Applications/microchip/xc16/v1.61/bin/bin/../../lib/liblega-c-elf.a(xgetmem.XX_eo)
 __c30_signature
                  0x0003a9          0x6 /Applications/microchip/xc16/v1.61/bin/bin/../../lib/liblega-pic30-elf.a(close.Leo)
 __c30_signature
                  0x0003af          0x6 /Applications/microchip/xc16/v1.61/bin/bin/../../lib/liblega-pic30-elf.a(write.Leo)
 __c30_signature
                  0x0003b5          0x6 /Applications/microchip/xc16/v1.61/bin/bin/../../lib/liblega-pic30-elf.a(remove.Leo)
 __c30_signature
                  0x0003bb          0x6 /Applications/microchip/xc16/v1.61/bin/bin/../../lib/liblega-pic30-elf.a(sbrk.Leo)
 __c30_signature
                  0x0003c1          0x6 /Applications/microchip/xc16/v1.61/bin/bin/../../lib/liblega-pic30-elf.a(c30_uart.Leo)
 __c30_signature
                  0x0003c7          0x6 /Applications/microchip/xc16/v1.61/bin/bin/../../lib/liblega-pic30-elf.a(memcpy_eds.Leo)
 __c30_signature
                  0x0003cd          0x6 /Applications/microchip/xc16/v1.61/bin/bin/../../lib/liblega-pic30-elf.a(memchr_eds.Leo)
 __c30_signature
                  0x0003d3          0x6 /Applications/microchip/xc16/v1.61/bin/bin/../../lib/liblega-pic30-elf.a(brk.Lelo)
 __c30_signature
                  0x0003d9          0x6 /Applications/microchip/xc16/v1.61/bin/bin/../../lib/libm-elf.a(deqltle.eo)
 __c30_signature
                  0x0003df          0x6 /Applications/microchip/xc16/v1.61/bin/bin/../../lib/libm-elf.a(dgtge.eo)
 __c30_signature
                  0x0003e5          0x6 /Applications/microchip/xc16/v1.61/bin/bin/../../lib/libm-elf.a(divdf3.eo)
 __c30_signature
                  0x0003eb          0x6 /Applications/microchip/xc16/v1.61/bin/bin/../../lib/libm-elf.a(divsi3.eo)
 __c30_signature
                  0x0003f1          0x6 /Applications/microchip/xc16/v1.61/bin/bin/../../lib/libm-elf.a(dpack.eo)
 __c30_signature
                  0x0003f7          0x6 /Applications/microchip/xc16/v1.61/bin/bin/../../lib/libm-elf.a(dunpack2.eo)
 __c30_signature
                  0x0003fd          0x6 /Applications/microchip/xc16/v1.61/bin/bin/../../lib/libm-elf.a(extendsfdf.eo)
 __c30_signature
                  0x000403          0x6 /Applications/microchip/xc16/v1.61/bin/bin/../../lib/libm-elf.a(fixdfsi.eo)
 __c30_signature
                  0x000409          0x6 /Applications/microchip/xc16/v1.61/bin/bin/../../lib/libm-elf.a(floatsidf.eo)
 __c30_signature
                  0x00040f          0x6 /Applications/microchip/xc16/v1.61/bin/bin/../../lib/libm-elf.a(muldf3.eo)
 __c30_signature
                  0x000415          0x6 /Applications/microchip/xc16/v1.61/bin/bin/../../lib/libm-elf.a(subdf3.eo)
 __c30_signature
                  0x00041b          0x6 /Applications/microchip/xc16/v1.61/bin/bin/../../lib/libm-elf.a(udivsi3.eo)
 __c30_signature
                  0x000421          0x6 /Applications/microchip/xc16/v1.61/bin/bin/../../lib/libm-elf.a(mulsi3.eo)
 __c30_signature
                  0x000427          0x6 /Applications/microchip/xc16/v1.61/bin/bin/../../lib/libm-elf.a(adddf3.eo)
 __c30_signature
                  0x00042d          0x6 /Applications/microchip/xc16/v1.61/bin/bin/../../lib/libm-elf.a(dcompare.eo)
 __c30_signature
                  0x000433          0x6 /Applications/microchip/xc16/v1.61/bin/bin/../../lib/libm-elf.a(dpropagateNaN.eo)
 __c30_signature
                  0x000439          0x6 /Applications/microchip/xc16/v1.61/bin/bin/../../lib/libm-elf.a(dtype.eo)
 __c30_signature
                  0x00043f          0x6 /Applications/microchip/xc16/v1.61/bin/bin/../../lib/libm-elf.a(dunpack.eo)
 __c30_signature
                  0x000445          0x6 /Applications/microchip/xc16/v1.61/bin/bin/../../lib/libm-elf.a(floatdidf.eo)
 __c30_signature
                  0x00044b          0x6 /Applications/microchip/xc16/v1.61/bin/bin/../../lib/libm-elf.a(floatundidf.eo)

.nbss               0x0800          0x4
 .nbss              0x0800          0x2 build/default/production/EE3102_Project_cbLib_v001.o
 .nbss              0x0802          0x2 build/default/production/EE3102_Project_main_v001.o

.bss                0x0804       0x1004
 .bss               0x0804        0x804 build/default/production/EE3102_Project_main_v001.o
 .bss               0x1008        0x800 build/default/production/EE3102_Project_cbLib_v001.o

.data               0x1808         0xfa
 .data              0x1808         0x88 /Applications/microchip/xc16/v1.61/bin/bin/../../lib/liblega-c-elf.a(xfiles.XX_elo)
                    0x1808                  __Stdin
                    0x1830                  __Stdout
                    0x1858                  __Stderr
                    0x1880                  __Files
 .data              0x1890         0x58 /Applications/microchip/xc16/v1.61/bin/bin/../../lib/liblega-c-elf.a(xldtob_fF.XXeo)
 .data              0x18e8         0x1a /Applications/microchip/xc16/v1.61/bin/bin/../../lib/liblega-c-elf.a(xprintf_fF.XXeo)

.bss                0x1902          0x8
 .bss               0x1902          0x4 build/default/production/EE3102_Project_lcdLib_v001.o
 .bss               0x1906          0x4 /Applications/microchip/xc16/v1.61/bin/bin/../../lib/liblega-c-elf.a(malloc.XX_eo)
                    0x1906                  __Aldata

.data               0x190a          0x2
 .data              0x190a          0x2 /Applications/microchip/xc16/v1.61/bin/bin/../../lib/liblega-c-elf.a(xgenld_fF.XXeo)

.bss                0x190c          0x2
 .bss               0x190c          0x2 /Applications/microchip/xc16/v1.61/bin/bin/../../lib/liblega-c-elf.a(fclose.XX_elo)

.data               0x190e          0x4
 .data              0x190e          0x2 /Applications/microchip/xc16/v1.61/bin/bin/../../lib/liblega-c-elf.a(malloc.XX_eo)
                    0x190e                  __Size_block
 .data              0x1910          0x2 /Applications/microchip/xc16/v1.61/bin/bin/../../lib/liblega-pic30-elf.a(c30_uart.Leo)
                    0x1910                  ___C30_UART

.bss                0x1912          0x2
 .bss               0x1912          0x2 /Applications/microchip/xc16/v1.61/bin/bin/../../lib/liblega-pic30-elf.a(brk.Lelo)
                    0x1912                  ___curbrk

.config_JTAGEN    0x00abfe          0x2
 .config_JTAGEN
                  0x00abfe          0x2 build/default/production/EE3102_Project_main_v001.o

.config_IESO      0x00abfc          0x2
 .config_IESO     0x00abfc          0x2 build/default/production/EE3102_Project_main_v001.o

.ivt._ADC1Interrupt
                  0x00002e          0x2
 .ivt._ADC1Interrupt
                  0x00002e          0x2 build/default/production/EE3102_Project_main_v001.o

.ivt._T2Interrupt
                  0x000022          0x2
 .ivt._T2Interrupt
                  0x000022          0x2 build/default/production/EE3102_Project_main_v001.o

.const              0x9a46          0xa load address 0x001a46  
 .const             0x9a46          0x8 build/default/production/EE3102_Project_main_v001.o
 .const             0x9a4e          0x2 build/default/production/EE3102_Project_lcdLib_v001.o

.text             0x001a50        0x172
 .text            0x001a50        0x172 build/default/production/EE3102_Project_lcdLib_v001.o
                  0x001a50                  _lcd_printStr
                  0x001abe                  _lcd_printChar
                  0x001acc                  _lcd_setCursor
                  0x001ae8                  _lcd_cmd
                  0x001b3c                  _lcd_shiftScreen
                  0x001b4c                  _lcd_cntrl
                  0x001b78                  _lcd_init

.dinit            0x001bc2        0x106
 .dinit           0x001bc2        0x106 data_init

.text             0x001cc8        0x1ac
 .text            0x001cc8         0xb2 build/default/production/EE3102_Project_cbLib_v001.o
                  0x001cc8                  _initBuffer
                  0x001cea                  _putVal
                  0x001d12                  _getAvg
 .text            0x001d7a         0xa2 build/default/production/EE3102_Project_main_v001.o
                  0x001d7a                  _setup
                  0x001e12                  _main
 .text            0x001e1c         0x58 build/default/production/EE3102_Project_genLib_v001.o
                  0x001e1c                  _delay_ms
                  0x001e3c                  _delay_us
                  0x001e5c                  _pic24_init
